// Jest Snapshot v1, https://goo.gl/fbAQLP

exports[`<ValidationPlaceholder /> Snapshots renders correctly for default props 1`] = `
<div
  style={
    Object {
      "field": Object {
        "color": "red",
        "fontSize": "13px",
      },
      "icon": Object {
        "height": "10px",
      },
      "marginBottom": "10px",
      "marginTop": "-10px",
    }
  }
>
  <AlertIcon
    exclamationMarkColor="#FFF"
    fill="#FF3C27"
    height="1em"
    style={
      Object {
        "height": "10px",
      }
    }
    width="1em"
  />
  <span
    style={
      Object {
        "color": "red",
        "fontSize": "13px",
      }
    }
  >
     
    Name should be greater than 4 char
     
  </span>
</div>
`;
